---- Minecraft Crash Report ----
// I blame Dinnerbone.

Time: 2025-10-04 19:46:16
Description: Unexpected error

java.lang.IllegalStateException: Cannot load Villager offers on the client
	at TRANSFORMER/minecraft@1.21.1/net.minecraft.world.entity.npc.AbstractVillager.getOffers(AbstractVillager.java:103) ~[client-1.21.1-20240808.144430-srg.jar%23231!/:?] {re:computing_frames,re:mixin,re:classloading}
	at TRANSFORMER/workbenchvillager@1.0.0/com.kizokumaru.minecraftmod.VillagerInfoEventHandler.onPlayerInteract(VillagerInfoEventHandler.java:25) ~[workbenchvillager-1.0.0.jar%23285!/:?] {re:classloading}
	at MC-BOOTSTRAP/net.neoforged.bus/net.neoforged.bus.SubscribeEventListener.invoke(SubscribeEventListener.java:50) ~[bus-8.0.5.jar%2396!/:?] {}
	at MC-BOOTSTRAP/net.neoforged.bus/net.neoforged.bus.EventBus.post(EventBus.java:360) ~[bus-8.0.5.jar%2396!/:?] {}
	at MC-BOOTSTRAP/net.neoforged.bus/net.neoforged.bus.EventBus.post(EventBus.java:328) ~[bus-8.0.5.jar%2396!/:?] {}
	at TRANSFORMER/neoforge@21.1.200/net.neoforged.neoforge.common.CommonHooks.onInteractEntity(CommonHooks.java:790) ~[neoforge-21.1.200-universal.jar%23232!/:?] {re:classloading}
	at TRANSFORMER/minecraft@1.21.1/net.minecraft.world.entity.player.Player.interactOn(Player.java:1058) ~[client-1.21.1-20240808.144430-srg.jar%23231!/:?] {re:mixin,pl:accesstransformer:B,re:computing_frames,pl:accesstransformer:B,re:classloading,pl:accesstransformer:B,pl:mixin:APP:baguettelib.mixins.json:PlayerDeathMixin from mod baguettelib,pl:mixin:APP:playerAnimator-common.mixins.json:PlayerEntityMixin from mod playeranimator,pl:mixin:APP:mixins.artifacts.common.json:ability.posteatingeffects.PlayerMixin from mod artifacts,pl:mixin:APP:mixins.artifacts.common.json:attribute.PlayerMixin from mod artifacts,pl:mixin:APP:mixins.artifacts.common.json:mobeffect.magnetism.PlayerMixin from mod artifacts,pl:mixin:APP:mixins.artifacts.neoforge.json:ability.sinking.PlayerMixin from mod artifacts,pl:mixin:APP:carryon.mixins.json:PlayerMixin from mod carryon,pl:mixin:APP:baguettelib.mixins.json:PlayerEquipmentMixin from mod baguettelib,pl:mixin:APP:hangglider.common.mixins.json:PlayerMixin from mod hangglider,pl:mixin:APP:irons_spellbooks.mixins.json:PlayerMixin from mod irons_spellbooks,pl:mixin:APP:flightlib.forge.mixins.json:PlayerMixin from mod flightlib,pl:mixin:APP:expandability-common.mixins.json:swimming.PlayerMixin from mod expandability,pl:mixin:APP:create_enchantment_industry.mixins.json:PlayerMixin from mod create_enchantment_industry,pl:mixin:APP:create.mixins.json:PlayerMixin from mod create,pl:mixin:A}
	at TRANSFORMER/minecraft@1.21.1/net.minecraft.client.multiplayer.MultiPlayerGameMode.interact(MultiPlayerGameMode.java:424) ~[client-1.21.1-20240808.144430-srg.jar%23231!/:?] {re:classloading,pl:accesstransformer:B,pl:runtimedistcleaner:A}
	at TRANSFORMER/minecraft@1.21.1/net.minecraft.client.Minecraft.startUseItem(Minecraft.java:1730) ~[client-1.21.1-20240808.144430-srg.jar%23231!/:?] {re:mixin,pl:accesstransformer:B,pl:runtimedistcleaner:A,re:classloading,pl:accesstransformer:B,pl:mixin:A,pl:runtimedistcleaner:A}
	at TRANSFORMER/minecraft@1.21.1/net.minecraft.client.Minecraft.handleKeybinds(Minecraft.java:2023) ~[client-1.21.1-20240808.144430-srg.jar%23231!/:?] {re:mixin,pl:accesstransformer:B,pl:runtimedistcleaner:A,re:classloading,pl:accesstransformer:B,pl:mixin:A,pl:runtimedistcleaner:A}
	at TRANSFORMER/minecraft@1.21.1/net.minecraft.client.Minecraft.tick(Minecraft.java:1837) ~[client-1.21.1-20240808.144430-srg.jar%23231!/:?] {re:mixin,pl:accesstransformer:B,pl:runtimedistcleaner:A,re:classloading,pl:accesstransformer:B,pl:mixin:A,pl:runtimedistcleaner:A}
	at TRANSFORMER/minecraft@1.21.1/net.minecraft.client.Minecraft.runTick(Minecraft.java:1161) ~[client-1.21.1-20240808.144430-srg.jar%23231!/:?] {re:mixin,pl:accesstransformer:B,pl:runtimedistcleaner:A,re:classloading,pl:accesstransformer:B,pl:mixin:A,pl:runtimedistcleaner:A}
	at TRANSFORMER/minecraft@1.21.1/net.minecraft.client.Minecraft.run(Minecraft.java:807) ~[client-1.21.1-20240808.144430-srg.jar%23231!/:?] {re:mixin,pl:accesstransformer:B,pl:runtimedistcleaner:A,re:classloading,pl:accesstransformer:B,pl:mixin:A,pl:runtimedistcleaner:A}
	at TRANSFORMER/minecraft@1.21.1/net.minecraft.client.main.Main.main(Main.java:230) ~[client-1.21.1-20240808.144430-srg.jar%23231!/:?] {re:classloading,pl:runtimedistcleaner:A}
	at java.base/jdk.internal.reflect.DirectMethodHandleAccessor.invoke(DirectMethodHandleAccessor.java:103) ~[?:?] {}
	at java.base/java.lang.reflect.Method.invoke(Method.java:580) ~[?:?] {re:mixin}
	at MC-BOOTSTRAP/fml_loader@4.0.41/net.neoforged.fml.loading.targets.CommonLaunchHandler.runTarget(CommonLaunchHandler.java:136) ~[loader-4.0.41.jar%2393!/:4.0] {}
	at MC-BOOTSTRAP/fml_loader@4.0.41/net.neoforged.fml.loading.targets.CommonLaunchHandler.clientService(CommonLaunchHandler.java:124) ~[loader-4.0.41.jar%2393!/:4.0] {}
	at MC-BOOTSTRAP/fml_loader@4.0.41/net.neoforged.fml.loading.targets.CommonClientLaunchHandler.runService(CommonClientLaunchHandler.java:32) ~[loader-4.0.41.jar%2393!/:4.0] {}
	at MC-BOOTSTRAP/fml_loader@4.0.41/net.neoforged.fml.loading.targets.CommonLaunchHandler.lambda$launchService$4(CommonLaunchHandler.java:118) ~[loader-4.0.41.jar%2393!/:4.0] {}
	at MC-BOOTSTRAP/cpw.mods.modlauncher@11.0.5/cpw.mods.modlauncher.LaunchServiceHandlerDecorator.launch(LaunchServiceHandlerDecorator.java:30) [modlauncher-11.0.5.jar%2398!/:?] {}
	at MC-BOOTSTRAP/cpw.mods.modlauncher@11.0.5/cpw.mods.modlauncher.LaunchServiceHandler.launch(LaunchServiceHandler.java:53) [modlauncher-11.0.5.jar%2398!/:?] {}
	at MC-BOOTSTRAP/cpw.mods.modlauncher@11.0.5/cpw.mods.modlauncher.LaunchServiceHandler.launch(LaunchServiceHandler.java:71) [modlauncher-11.0.5.jar%2398!/:?] {}
	at MC-BOOTSTRAP/cpw.mods.modlauncher@11.0.5/cpw.mods.modlauncher.Launcher.run(Launcher.java:103) [modlauncher-11.0.5.jar%2398!/:?] {}
	at MC-BOOTSTRAP/cpw.mods.modlauncher@11.0.5/cpw.mods.modlauncher.Launcher.main(Launcher.java:74) [modlauncher-11.0.5.jar%2398!/:?] {}
	at MC-BOOTSTRAP/cpw.mods.modlauncher@11.0.5/cpw.mods.modlauncher.BootstrapLaunchConsumer.accept(BootstrapLaunchConsumer.java:26) [modlauncher-11.0.5.jar%2398!/:?] {}
	at MC-BOOTSTRAP/cpw.mods.modlauncher@11.0.5/cpw.mods.modlauncher.BootstrapLaunchConsumer.accept(BootstrapLaunchConsumer.java:23) [modlauncher-11.0.5.jar%2398!/:?] {}
	at cpw.mods.bootstraplauncher@2.0.2/cpw.mods.bootstraplauncher.BootstrapLauncher.run(BootstrapLauncher.java:210) [bootstraplauncher-2.0.2.jar:?] {}
	at cpw.mods.bootstraplauncher@2.0.2/cpw.mods.bootstraplauncher.BootstrapLauncher.main(BootstrapLauncher.java:69) [bootstraplauncher-2.0.2.jar:?] {}


A detailed walkthrough of the error, its code path and all known details is as follows:
---------------------------------------------------------------------------------------

-- Head --
Thread: Render thread
Stacktrace:
	at TRANSFORMER/minecraft@1.21.1/net.minecraft.world.entity.npc.AbstractVillager.getOffers(AbstractVillager.java:103) ~[client-1.21.1-20240808.144430-srg.jar%23231!/:?] {re:computing_frames,re:mixin,re:classloading}
	at TRANSFORMER/workbenchvillager@1.0.0/com.kizokumaru.minecraftmod.VillagerInfoEventHandler.onPlayerInteract(VillagerInfoEventHandler.java:25) ~[workbenchvillager-1.0.0.jar%23285!/:?] {re:classloading}
	at MC-BOOTSTRAP/net.neoforged.bus/net.neoforged.bus.SubscribeEventListener.invoke(SubscribeEventListener.java:50) ~[bus-8.0.5.jar%2396!/:?] {}
	at MC-BOOTSTRAP/net.neoforged.bus/net.neoforged.bus.EventBus.post(EventBus.java:360) ~[bus-8.0.5.jar%2396!/:?] {}
	at MC-BOOTSTRAP/net.neoforged.bus/net.neoforged.bus.EventBus.post(EventBus.java:328) ~[bus-8.0.5.jar%2396!/:?] {}
	at TRANSFORMER/neoforge@21.1.200/net.neoforged.neoforge.common.CommonHooks.onInteractEntity(CommonHooks.java:790) ~[neoforge-21.1.200-universal.jar%23232!/:?] {re:classloading}
	at TRANSFORMER/minecraft@1.21.1/net.minecraft.world.entity.player.Player.interactOn(Player.java:1058) ~[client-1.21.1-20240808.144430-srg.jar%23231!/:?] {re:mixin,pl:accesstransformer:B,re:computing_frames,pl:accesstransformer:B,re:classloading,pl:accesstransformer:B,pl:mixin:APP:baguettelib.mixins.json:PlayerDeathMixin from mod baguettelib,pl:mixin:APP:playerAnimator-common.mixins.json:PlayerEntityMixin from mod playeranimator,pl:mixin:APP:mixins.artifacts.common.json:ability.posteatingeffects.PlayerMixin from mod artifacts,pl:mixin:APP:mixins.artifacts.common.json:attribute.PlayerMixin from mod artifacts,pl:mixin:APP:mixins.artifacts.common.json:mobeffect.magnetism.PlayerMixin from mod artifacts,pl:mixin:APP:mixins.artifacts.neoforge.json:ability.sinking.PlayerMixin from mod artifacts,pl:mixin:APP:carryon.mixins.json:PlayerMixin from mod carryon,pl:mixin:APP:baguettelib.mixins.json:PlayerEquipmentMixin from mod baguettelib,pl:mixin:APP:hangglider.common.mixins.json:PlayerMixin from mod hangglider,pl:mixin:APP:irons_spellbooks.mixins.json:PlayerMixin from mod irons_spellbooks,pl:mixin:APP:flightlib.forge.mixins.json:PlayerMixin from mod flightlib,pl:mixin:APP:expandability-common.mixins.json:swimming.PlayerMixin from mod expandability,pl:mixin:APP:create_enchantment_industry.mixins.json:PlayerMixin from mod create_enchantment_industry,pl:mixin:APP:create.mixins.json:PlayerMixin from mod create,pl:mixin:A}
	at TRANSFORMER/minecraft@1.21.1/net.minecraft.client.multiplayer.MultiPlayerGameMode.interact(MultiPlayerGameMode.java:424) ~[client-1.21.1-20240808.144430-srg.jar%23231!/:?] {re:classloading,pl:accesstransformer:B,pl:runtimedistcleaner:A}
	at TRANSFORMER/minecraft@1.21.1/net.minecraft.client.Minecraft.startUseItem(Minecraft.java:1730) ~[client-1.21.1-20240808.144430-srg.jar%23231!/:?] {re:mixin,pl:accesstransformer:B,pl:runtimedistcleaner:A,re:classloading,pl:accesstransformer:B,pl:mixin:A,pl:runtimedistcleaner:A}
	at TRANSFORMER/minecraft@1.21.1/net.minecraft.client.Minecraft.handleKeybinds(Minecraft.java:2023) ~[client-1.21.1-20240808.144430-srg.jar%23231!/:?] {re:mixin,pl:accesstransformer:B,pl:runtimedistcleaner:A,re:classloading,pl:accesstransformer:B,pl:mixin:A,pl:runtimedistcleaner:A}
-- Uptime --
Details:
	JVM uptime: 195.892s
	Wall uptime: 151.064s
	High-res time: 190.103s
	Client ticks: 1704 ticks / 85.200s
Stacktrace:
	at TRANSFORMER/minecraft@1.21.1/net.minecraft.client.Minecraft.fillReport(Minecraft.java:2394) ~[client-1.21.1-20240808.144430-srg.jar%23231!/:?] {re:mixin,pl:accesstransformer:B,pl:runtimedistcleaner:A,re:classloading,pl:accesstransformer:B,pl:mixin:A,pl:runtimedistcleaner:A}
	at TRANSFORMER/minecraft@1.21.1/net.minecraft.client.Minecraft.emergencySaveAndCrash(Minecraft.java:868) ~[client-1.21.1-20240808.144430-srg.jar%23231!/:?] {re:mixin,pl:accesstransformer:B,pl:runtimedistcleaner:A,re:classloading,pl:accesstransformer:B,pl:mixin:A,pl:runtimedistcleaner:A}
	at TRANSFORMER/minecraft@1.21.1/net.minecraft.client.Minecraft.run(Minecraft.java:828) ~[client-1.21.1-20240808.144430-srg.jar%23231!/:?] {re:mixin,pl:accesstransformer:B,pl:runtimedistcleaner:A,re:classloading,pl:accesstransformer:B,pl:mixin:A,pl:runtimedistcleaner:A}
	at TRANSFORMER/minecraft@1.21.1/net.minecraft.client.main.Main.main(Main.java:230) ~[client-1.21.1-20240808.144430-srg.jar%23231!/:?] {re:classloading,pl:runtimedistcleaner:A}
	at java.base/jdk.internal.reflect.DirectMethodHandleAccessor.invoke(DirectMethodHandleAccessor.java:103) ~[?:?] {}
	at java.base/java.lang.reflect.Method.invoke(Method.java:580) ~[?:?] {re:mixin}
	at MC-BOOTSTRAP/fml_loader@4.0.41/net.neoforged.fml.loading.targets.CommonLaunchHandler.runTarget(CommonLaunchHandler.java:136) ~[loader-4.0.41.jar%2393!/:4.0] {}
	at MC-BOOTSTRAP/fml_loader@4.0.41/net.neoforged.fml.loading.targets.CommonLaunchHandler.clientService(CommonLaunchHandler.java:124) ~[loader-4.0.41.jar%2393!/:4.0] {}
	at MC-BOOTSTRAP/fml_loader@4.0.41/net.neoforged.fml.loading.targets.CommonClientLaunchHandler.runService(CommonClientLaunchHandler.java:32) ~[loader-4.0.41.jar%2393!/:4.0] {}
	at MC-BOOTSTRAP/fml_loader@4.0.41/net.neoforged.fml.loading.targets.CommonLaunchHandler.lambda$launchService$4(CommonLaunchHandler.java:118) ~[loader-4.0.41.jar%2393!/:4.0] {}
	at MC-BOOTSTRAP/cpw.mods.modlauncher@11.0.5/cpw.mods.modlauncher.LaunchServiceHandlerDecorator.launch(LaunchServiceHandlerDecorator.java:30) [modlauncher-11.0.5.jar%2398!/:?] {}
	at MC-BOOTSTRAP/cpw.mods.modlauncher@11.0.5/cpw.mods.modlauncher.LaunchServiceHandler.launch(LaunchServiceHandler.java:53) [modlauncher-11.0.5.jar%2398!/:?] {}
	at MC-BOOTSTRAP/cpw.mods.modlauncher@11.0.5/cpw.mods.modlauncher.LaunchServiceHandler.launch(LaunchServiceHandler.java:71) [modlauncher-11.0.5.jar%2398!/:?] {}
	at MC-BOOTSTRAP/cpw.mods.modlauncher@11.0.5/cpw.mods.modlauncher.Launcher.run(Launcher.java:103) [modlauncher-11.0.5.jar%2398!/:?] {}
	at MC-BOOTSTRAP/cpw.mods.modlauncher@11.0.5/cpw.mods.modlauncher.Launcher.main(Launcher.java:74) [modlauncher-11.0.5.jar%2398!/:?] {}
	at MC-BOOTSTRAP/cpw.mods.modlauncher@11.0.5/cpw.mods.modlauncher.BootstrapLaunchConsumer.accept(BootstrapLaunchConsumer.java:26) [modlauncher-11.0.5.jar%2398!/:?] {}
	at MC-BOOTSTRAP/cpw.mods.modlauncher@11.0.5/cpw.mods.modlauncher.BootstrapLaunchConsumer.accept(BootstrapLaunchConsumer.java:23) [modlauncher-11.0.5.jar%2398!/:?] {}
	at cpw.mods.bootstraplauncher@2.0.2/cpw.mods.bootstraplauncher.BootstrapLauncher.run(BootstrapLauncher.java:210) [bootstraplauncher-2.0.2.jar:?] {}
	at cpw.mods.bootstraplauncher@2.0.2/cpw.mods.bootstraplauncher.BootstrapLauncher.main(BootstrapLauncher.java:69) [bootstraplauncher-2.0.2.jar:?] {}


-- Affected level --
Details:
	All players: 1 total; [LocalPlayer['kizokumaru'/23842, l='ClientLevel', x=-3243.84, y=87.00, z=305.79]]
	Chunk stats: 361, 201
	Level dimension: minecraft:overworld
	Level spawn location: World: (48,65,83), Section: (at 0,1,3 in 3,4,5; chunk contains blocks 48,-64,80 to 63,319,95), Region: (0,0; contains chunks 0,0 to 31,31, blocks 0,-64,0 to 511,319,511)
	Level time: 36752922 game time, 39387857 day time
	Server brand: neoforge
	Server type: Non-integrated multiplayer server
	Tracked entity count: 172

-- Last reload --
Details:
	Reload number: 1
	Reload reason: initial
	Finished: Yes
	Packs: mod_resources, mod/c2me_fixes_worldgen_threading_issues, mod/kuma_api, mod/c2me_threading_lighting, mod/geckolib, mod/playeranimator, mod/c2me_rewrites_chunk_serializer, mod/jei, mod/lithium, mod/c2me_opts_natives_math, mod/libraryferret, mod/trender, mod/sophisticatedcore, mod/create_jetpack, mod/waystones, mod/c2me_fixes_general_threading_issues, mod/clumps, mod/xaeroworldmap, mod/neoforge, mod/artifacts, mod/gravestonecurioscompat, mod/sophisticatedbackpacks, mod/c2me_opts_math, mod/c2me_rewrites_chunk_system, mod/relics, mod/c2me, mod/balm, mod/carryon, mod/jeresources, mod/c2me_base, mod/baguettelib, mod/stackrefill, mod/c2me_opts_worldgen_vanilla, mod/c2me_fixes_worldgen_vanilla_bugs, mod/c2me_opts_scheduling, mod/embeddium, mod/elytratrims, mod/ironchest, mod/create_connected, mod/create_jetpack_curios, mod/trade_cycling, mod/c2me_fixes_chunkio_threading_issues, mod/jade, mod/c2me_client_uncapvd, mod/c2me_server_utils, mod/hangglider, mod/kotlinforforge, mod/c2me_opts_dfc, mod/iceberg, mod/advancementplaques, mod/flywheel, mod/ponder, mod/create, mod/create_dragons_plus, mod/curios, mod/xaerominimap, mod/gravestone, mod/create_sa, mod/collective, mod/c2me_notickvd, mod/irons_spellbooks, mod/entityculling, mod/bettervillage, mod/noisium, mod/inventoryhud, mod/c2me_opts_worldgen_general, mod/c2me_opts_chunkio, mod/immediatelyfast, mod/movement_enchants, mod/appleskin, mod/architectury, mod/octolib, mod/jamlib, mod/rightclickharvest, mod/ferritecore, mod/conditional_mixin, mod/transition, mod/puzzleslib, mod/flightlib, mod/c2me_rewrites_chunkio, mod/toms_storage, mod/expandability, mod/create_enchantment_industry, mod/c2me_opts_allocs, mod/workbenchvillager, vanilla

-- System Details --
Details:
	Minecraft Version: 1.21.1
	Minecraft Version ID: 1.21.1
	Operating System: Linux (amd64) version 6.14.0-33-generic
	Java Version: 21.0.7, Microsoft
	Java VM Version: OpenJDK 64-Bit Server VM (mixed mode), Microsoft
	Memory: 971203768 bytes (926 MiB) / 2147483648 bytes (2048 MiB) up to 6442450944 bytes (6144 MiB)
	CPUs: 4
	Processor Vendor: AuthenticAMD
	Processor Name: AMD FX-7500 Radeon R7, 10 Compute Cores 4C+6G
	Identifier: AuthenticAMD Family 21 Model 48 Stepping 1
	Microarchitecture: Steamroller
	Frequency (GHz): 2.10
	Number of physical packages: 1
	Number of physical CPUs: 4
	Number of logical CPUs: 4
	Graphics card #0 name: Kaveri [Radeon R6/R7 Graphics]
	Graphics card #0 vendor: Advanced Micro Devices, Inc. [AMD/ATI] (0x1002)
	Graphics card #0 VRAM (MiB): 264.00
	Graphics card #0 deviceId: 0x1309
	Graphics card #0 versionInfo: unknown
	Virtual memory max (MiB): 11554.16
	Virtual memory used (MiB): 11874.43
	Swap memory total (MiB): 4096.00
	Swap memory used (MiB): 1085.53
	Space in storage for jna.tmpdir (MiB): available: 322099.31, total: 743309.75
	Space in storage for org.lwjgl.system.SharedLibraryExtractPath (MiB): available: 322099.31, total: 743309.75
	Space in storage for io.netty.native.workdir (MiB): available: 322099.31, total: 743309.75
	Space in storage for java.io.tmpdir (MiB): available: 141047.13, total: 177839.50
	Space in storage for workdir (MiB): available: 322099.31, total: 743309.75
	JVM Flags: 9 total; -Xss1M -Xmx6G -Xms2G -XX:+UnlockExperimentalVMOptions -XX:+UseG1GC -XX:G1NewSizePercent=30 -XX:G1ReservePercent=25 -XX:MaxGCPauseMillis=40 -XX:G1HeapRegionSize=16M
	Launched Version: neoforge-21.1.200
	Launcher name: minecraft-launcher
	Backend library: LWJGL version 3.3.3+5
	Backend API: KAVERI (radeonsi, , ACO, DRM 2.50, 6.14.0-33-generic) GL version 4.5 (Core Profile) Mesa 25.0.7-0ubuntu0.24.04.2, AMD
	Window size: 1920x1080
	GFLW Platform: x11
	GL Caps: Using framebuffer using OpenGL 3.2
	GL debug messages: id=1, source=SHADER COMPILER, type=ERROR, severity=HIGH, message='0:1(10): error: GLSL 4.60 is not supported. Supported versions are: 1.10, 1.20, 1.30, 1.40, 1.50, 3.30, 4.00, 4.10, 4.20, 4.30, 4.40, 4.50, 1.00 ES, 3.00 ES, 3.10 ES, and 3.20 ES' x 1
	Is Modded: Definitely; Client brand changed to 'neoforge'
	Universe: 400921fb54442d18
	Type: Client (map_client.txt)
	Graphics mode: fancy
	Render Distance: 6/32 chunks
	Resource Packs: mod_resources, mod/c2me_fixes_worldgen_threading_issues, mod/kuma_api (incompatible), mod/c2me_threading_lighting, mod/geckolib, mod/playeranimator, mod/c2me_rewrites_chunk_serializer, mod/jei (incompatible), mod/lithium, mod/c2me_opts_natives_math, mod/libraryferret (incompatible), mod/trender, mod/sophisticatedcore (incompatible), mod/create_jetpack (incompatible), mod/waystones (incompatible), mod/c2me_fixes_general_threading_issues, mod/clumps (incompatible), mod/xaeroworldmap (incompatible), mod/neoforge, mod/artifacts, mod/gravestonecurioscompat, mod/sophisticatedbackpacks (incompatible), mod/c2me_opts_math, mod/c2me_rewrites_chunk_system, mod/relics (incompatible), mod/c2me, mod/balm (incompatible), mod/carryon (incompatible), mod/jeresources (incompatible), mod/c2me_base, mod/baguettelib, mod/stackrefill (incompatible), mod/c2me_opts_worldgen_vanilla, mod/c2me_fixes_worldgen_vanilla_bugs, mod/c2me_opts_scheduling, mod/embeddium (incompatible), mod/elytratrims (incompatible), mod/ironchest, mod/create_connected (incompatible), mod/create_jetpack_curios (incompatible), mod/trade_cycling, mod/c2me_fixes_chunkio_threading_issues, mod/jade (incompatible), mod/c2me_client_uncapvd, mod/c2me_server_utils, mod/hangglider, mod/kotlinforforge (incompatible), mod/c2me_opts_dfc, mod/iceberg, mod/advancementplaques, mod/flywheel, mod/ponder (incompatible), mod/create (incompatible), mod/create_dragons_plus, mod/curios (incompatible), mod/xaerominimap (incompatible), mod/gravestone, mod/create_sa (incompatible), mod/collective (incompatible), mod/c2me_notickvd, mod/irons_spellbooks, mod/entityculling, mod/bettervillage (incompatible), mod/noisium (incompatible), mod/inventoryhud, mod/c2me_opts_worldgen_general, mod/c2me_opts_chunkio, mod/immediatelyfast (incompatible), mod/movement_enchants (incompatible), mod/appleskin (incompatible), mod/architectury (incompatible), mod/octolib, mod/jamlib (incompatible), mod/rightclickharvest (incompatible), mod/ferritecore (incompatible), mod/conditional_mixin (incompatible), mod/transition, mod/puzzleslib, mod/flightlib (incompatible), mod/c2me_rewrites_chunkio, mod/toms_storage (incompatible), mod/expandability, mod/create_enchantment_industry, mod/c2me_opts_allocs, mod/workbenchvillager, vanilla
	Current Language: es_es
	Locale: es_ES
	System encoding: UTF-8
	File encoding: UTF-8
	CPU: 4x AMD FX-7500 Radeon R7, 10 Compute Cores 4C+6G
	ModLauncher: 11.0.5+main.901c6ea8
	ModLauncher launch target: forgeclient
	ModLauncher services:
		sponge-mixin-0.15.2+mixin.0.8.7.jar mixin PLUGINSERVICE
		loader-4.0.41.jar slf4jfixer PLUGINSERVICE
		loader-4.0.41.jar runtime_enum_extender PLUGINSERVICE
		at-modlauncher-10.0.1.jar accesstransformer PLUGINSERVICE
		loader-4.0.41.jar runtimedistcleaner PLUGINSERVICE
		modlauncher-11.0.5.jar mixin TRANSFORMATIONSERVICE
		modlauncher-11.0.5.jar fml TRANSFORMATIONSERVICE
	FML Language Providers:
		kotlinforforge@5.9.0
		javafml@4.0
		lowcodefml@4.0
		minecraft@4.0
	Mod List:
		AdvancementPlaques-1.21.1-neoforge-1.6.8.jar      |Advancement Plaques           |advancementplaques            |1.6.8               |Manifest: NOSIGNATURE
		appleskin-neoforge-mc1.21-3.0.7.jar               |AppleSkin                     |appleskin                     |3.0.7+mc1.21        |Manifest: NOSIGNATURE
		architectury-13.0.8-neoforge.jar                  |Architectury                  |architectury                  |13.0.8              |Manifest: NOSIGNATURE
		artifacts-neoforge-13.0.6.jar                     |Artifacts                     |artifacts                     |13.0.6              |Manifest: NOSIGNATURE
		baguettelib-1.21.1-NeoForge-1.0.0.jar             |BaguetteLib                   |baguettelib                   |1.0.0               |Manifest: NOSIGNATURE
		balm-neoforge-1.21.1-21.0.49.jar                  |Balm                          |balm                          |21.0.49             |Manifest: NOSIGNATURE
		bettervillage-neoforge-1.21.1-3.3.1.jar           |Better village                |bettervillage                 |3.3.1               |Manifest: NOSIGNATURE
		carryon-neoforge-1.21.1-2.2.2.11.jar              |Carry On                      |carryon                       |2.2.2               |Manifest: NOSIGNATURE
		Clumps-neoforge-1.21.1-19.0.0.1.jar               |Clumps                        |clumps                        |19.0.0.1            |Manifest: NOSIGNATURE
		collective-1.21.1-8.3.jar                         |Collective                    |collective                    |8.3                 |Manifest: NOSIGNATURE
		c2me-neoforge-mc1.21.1-0.3.0+alpha.0.72.jar       |Concurrent Chunk Management En|c2me                          |0.3.0+alpha.0.72+1.2|Manifest: NOSIGNATURE
		c2me-base-mc1.21.1-0.3.0+alpha.0.72-all.jar       |Concurrent Chunk Management En|c2me_base                     |0.3.0+alpha.0.72+1.2|Manifest: NOSIGNATURE
		c2me-client-uncapvd-mc1.21.1-0.3.0+alpha.0.72.jar |Concurrent Chunk Management En|c2me_client_uncapvd           |0.3.0+alpha.0.72+1.2|Manifest: NOSIGNATURE
		c2me-fixes-chunkio-threading-issues-mc1.21.1-0.3.0|Concurrent Chunk Management En|c2me_fixes_chunkio_threading_i|0.3.0+alpha.0.72+1.2|Manifest: NOSIGNATURE
		c2me-fixes-general-threading-issues-mc1.21.1-0.3.0|Concurrent Chunk Management En|c2me_fixes_general_threading_i|0.3.0+alpha.0.72+1.2|Manifest: NOSIGNATURE
		c2me-fixes-worldgen-threading-issues-mc1.21.1-0.3.|Concurrent Chunk Management En|c2me_fixes_worldgen_threading_|0.3.0+alpha.0.72+1.2|Manifest: NOSIGNATURE
		c2me-fixes-worldgen-vanilla-bugs-mc1.21.1-0.3.0+al|Concurrent Chunk Management En|c2me_fixes_worldgen_vanilla_bu|0.3.0+alpha.0.72+1.2|Manifest: NOSIGNATURE
		c2me-notickvd-mc1.21.1-0.3.0+alpha.0.72.jar       |Concurrent Chunk Management En|c2me_notickvd                 |0.3.0+alpha.0.72+1.2|Manifest: NOSIGNATURE
		c2me-opts-chunkio-mc1.21.1-0.3.0+alpha.0.72.jar   |Concurrent Chunk Management En|c2me_opts_chunkio             |0.3.0+alpha.0.72+1.2|Manifest: NOSIGNATURE
		c2me-opts-dfc-mc1.21.1-0.3.0+alpha.0.72.jar       |Concurrent Chunk Management En|c2me_opts_dfc                 |0.3.0+alpha.0.72+1.2|Manifest: NOSIGNATURE
		c2me-opts-worldgen-general-mc1.21.1-0.3.0+alpha.0.|Concurrent Chunk Management En|c2me_opts_worldgen_general    |0.3.0+alpha.0.72+1.2|Manifest: NOSIGNATURE
		c2me-opts-math-mc1.21.1-0.3.0+alpha.0.72.jar      |Concurrent Chunk Management En|c2me_opts_math                |0.3.0+alpha.0.72+1.2|Manifest: NOSIGNATURE
		c2me-opts-allocs-mc1.21.1-0.3.0+alpha.0.72.jar    |Concurrent Chunk Management En|c2me_opts_allocs              |0.3.0+alpha.0.72+1.2|Manifest: NOSIGNATURE
		c2me-opts-natives-math-mc1.21.1-0.3.0+alpha.0.72.j|Concurrent Chunk Management En|c2me_opts_natives_math        |0.3.0+alpha.0.72+1.2|Manifest: NOSIGNATURE
		c2me-opts-scheduling-mc1.21.1-0.3.0+alpha.0.72.jar|Concurrent Chunk Management En|c2me_opts_scheduling          |0.3.0+alpha.0.72+1.2|Manifest: NOSIGNATURE
		c2me-opts-worldgen-vanilla-mc1.21.1-0.3.0+alpha.0.|Concurrent Chunk Management En|c2me_opts_worldgen_vanilla    |0.3.0+alpha.0.72+1.2|Manifest: NOSIGNATURE
		c2me-rewrites-chunkio-mc1.21.1-0.3.0+alpha.0.72.ja|Concurrent Chunk Management En|c2me_rewrites_chunkio         |0.3.0+alpha.0.72+1.2|Manifest: NOSIGNATURE
		c2me-rewrites-chunk-serializer-mc1.21.1-0.3.0+alph|Concurrent Chunk Management En|c2me_rewrites_chunk_serializer|0.3.0+alpha.0.72+1.2|Manifest: NOSIGNATURE
		c2me-rewrites-chunk-system-mc1.21.1-0.3.0+alpha.0.|Concurrent Chunk Management En|c2me_rewrites_chunk_system    |0.3.0+alpha.0.72+1.2|Manifest: NOSIGNATURE
		c2me-server-utils-mc1.21.1-0.3.0+alpha.0.72.jar   |Concurrent Chunk Management En|c2me_server_utils             |0.3.0+alpha.0.72+1.2|Manifest: NOSIGNATURE
		c2me-threading-lighting-mc1.21.1-0.3.0+alpha.0.72.|Concurrent Chunk Management En|c2me_threading_lighting       |0.3.0+alpha.0.72+1.2|Manifest: NOSIGNATURE
		conditional-mixin-neoforge-0.6.4.jar              |conditional mixin             |conditional_mixin             |0.6.4               |Manifest: NOSIGNATURE
		create-1.21.1-6.0.6.jar                           |Create                        |create                        |6.0.6               |Manifest: NOSIGNATURE
		create_jetpack-forge-5.1.0.jar                    |Create Jetpack                |create_jetpack                |5.1.0               |Manifest: NOSIGNATURE
		create-stuff-additions1.21.1_v2.1.0e.jar          |Create Stuff 'N Additions     |create_sa                     |2.1.0.              |Manifest: NOSIGNATURE
		create_connected-1.1.6-mc1.21.1.jar               |Create: Connected             |create_connected              |1.1.6-mc1.21.1      |Manifest: NOSIGNATURE
		create-dragons-plus-1.6.1.jar                     |Create: Dragons Plus          |create_dragons_plus           |1.6.1               |Manifest: NOSIGNATURE
		create-enchantment-industry-2.1.7.jar             |Create: Enchantment Industry  |create_enchantment_industry   |2.1.7               |Manifest: NOSIGNATURE
		create_jetpack_curios-1.2.0-neoforge-1.21.1.jar   |Create: Jetpack Curios        |create_jetpack_curios         |1.2.0               |Manifest: NOSIGNATURE
		curios-neoforge-9.5.1+1.21.1.jar                  |Curios API                    |curios                        |9.5.1+1.21.1        |Manifest: NOSIGNATURE
		elytratrims-neoforge-3.5.8+1.21.jar               |Elytra Trims                  |elytratrims                   |3.5.8               |Manifest: NOSIGNATURE
		embeddium-1.0.15+mc1.21.1.jar                     |Embeddium                     |embeddium                     |1.0.15+mc1.21.1     |Manifest: NOSIGNATURE
		entityculling-neoforge-1.8.2-mc1.21.jar           |EntityCulling                 |entityculling                 |1.8.2               |Manifest: NOSIGNATURE
		expandability-neoforge-12.0.0.jar                 |ExpandAbility                 |expandability                 |12.0.0              |Manifest: NOSIGNATURE
		ferritecore-7.0.2-neoforge.jar                    |Ferrite Core                  |ferritecore                   |7.0.2               |Manifest: 41:ce:50:66:d1:a0:05:ce:a1:0e:02:85:9b:46:64:e0:bf:2e:cf:60:30:9a:fe:0c:27:e0:63:66:9a:84:ce:8a
		flightlib-forge-3.1.0.jar                         |Flight Lib                    |flightlib                     |3.1.0               |Manifest: NOSIGNATURE
		flywheel-neoforge-1.21.1-1.0.4.jar                |Flywheel                      |flywheel                      |1.0.4               |Manifest: NOSIGNATURE
		geckolib-neoforge-1.21.1-4.7.6.jar                |GeckoLib 4                    |geckolib                      |4.7.6               |Manifest: NOSIGNATURE
		gravestonecurioscompat-1.21.1-NeoForge-3.0.1.jar  |Gravestone Curios Compatibilit|gravestonecurioscompat        |3.0.1               |Manifest: NOSIGNATURE
		gravestone-neoforge-1.21.1-1.0.32.jar             |Gravestone Mod                |gravestone                    |1.21.1-1.0.32       |Manifest: NOSIGNATURE
		HangGlider-v21.1.0-1.21.1-NeoForge.jar            |Hang Glider                   |hangglider                    |21.1.0              |Manifest: NOSIGNATURE
		Iceberg-1.21.1-neoforge-1.3.2.jar                 |Iceberg                       |iceberg                       |1.3.2               |Manifest: NOSIGNATURE
		ImmediatelyFast-NeoForge-1.6.6+1.21.1.jar         |ImmediatelyFast               |immediatelyfast               |1.6.6+1.21.1        |Manifest: NOSIGNATURE
		inventoryhud.neoforged.1.21.1-3.4.28.jar          |Inventory HUD+                |inventoryhud                  |3.4.28              |Manifest: NOSIGNATURE
		ironchest-1.21-neoforge-16.0.7.jar                |Iron Chests                   |ironchest                     |1.21-neoforge-16.0.7|Manifest: NOSIGNATURE
		irons_spellbooks-1.21.1-3.14.2.jar                |Iron's Spells 'n Spellbooks   |irons_spellbooks              |1.21.1-3.14.2       |Manifest: NOSIGNATURE
		Jade-1.21.1-NeoForge-15.10.3.jar                  |Jade                          |jade                          |15.10.3+neoforge    |Manifest: NOSIGNATURE
		jamlib-neoforge-1.3.5+1.21.1.jar                  |JamLib                        |jamlib                        |1.3.5+1.21.1        |Manifest: NOSIGNATURE
		jei-1.21.1-neoforge-19.22.1.316.jar               |Just Enough Items             |jei                           |19.22.1.316         |Manifest: NOSIGNATURE
		JustEnoughResources-NeoForge-1.21.1-1.6.0.17.jar  |Just Enough Resources         |jeresources                   |1.6.0.17            |Manifest: NOSIGNATURE
		thedarkcolour.kffmod-5.9.0.jar                    |Kotlin For Forge              |kotlinforforge                |5.9.0               |Manifest: NOSIGNATURE
		kuma-api-neoforge-21.0.5+1.21.jar                 |KumaAPI                       |kuma_api                      |21.0.5              |Manifest: NOSIGNATURE
		libraryferret-neoforge-1.21.1-4.0.0.jar           |Library ferret                |libraryferret                 |4.0.0               |Manifest: NOSIGNATURE
		lithium-neoforge-0.15.0+mc1.21.1.jar              |Lithium                       |lithium                       |0.15.0+mc1.21.1     |Manifest: NOSIGNATURE
		client-1.21.1-20240808.144430-srg.jar             |Minecraft                     |minecraft                     |1.21.1              |Manifest: a1:d4:5e:04:4f:d3:d6:e0:7b:37:97:cf:77:b0:de:ad:4a:47:ce:8c:96:49:5f:0a:cf:8c:ae:b2:6d:4b:8a:3f
		movement_enchants-1.1.0-neoforge-1.21.1.jar       |Movement Enchants             |movement_enchants             |1.1.0               |Manifest: NOSIGNATURE
		neoforge-21.1.200-universal.jar                   |NeoForge                      |neoforge                      |21.1.200            |Manifest: NOSIGNATURE
		noisium-neoforge-2.3.0+mc1.21-1.21.1.jar          |Noisium                       |noisium                       |2.3.0+mc1.21-1.21.1 |Manifest: NOSIGNATURE
		OctoLib-NEOFORGE-0.5.0.1.jar                      |OctoLib                       |octolib                       |0.5.0.1             |Manifest: NOSIGNATURE
		player-animation-lib-forge-2.0.1+1.21.1.jar       |Player Animator               |playeranimator                |2.0.1+1.21.1        |Manifest: NOSIGNATURE
		Ponder-NeoForge-1.21.1-1.0.56.jar                 |Ponder                        |ponder                        |1.0.56              |Manifest: NOSIGNATURE
		PuzzlesLib-v21.1.37-1.21.1-NeoForge.jar           |Puzzles Lib                   |puzzleslib                    |21.1.37             |Manifest: NOSIGNATURE
		relics-1.21.1-0.10.7.5.jar                        |Relics                        |relics                        |0.10.7.5            |Manifest: NOSIGNATURE
		rightclickharvest-neoforge-4.5.3+1.21.1.jar       |Right Click Harvest           |rightclickharvest             |4.5.3+1.21.1        |Manifest: NOSIGNATURE
		sophisticatedbackpacks-1.21.1-3.24.19.1292.jar    |Sophisticated Backpacks       |sophisticatedbackpacks        |3.24.19             |Manifest: NOSIGNATURE
		sophisticatedcore-1.21.1-1.3.62.1074.jar          |Sophisticated Core            |sophisticatedcore             |1.3.62              |Manifest: NOSIGNATURE
		stackrefill-1.21.1-4.9.jar                        |Stack Refill                  |stackrefill                   |4.9                 |Manifest: NOSIGNATURE
		toms_storage-1.21-2.2.2.jar                       |Tom's Simple Storage Mod      |toms_storage                  |2.2.2               |Manifest: NOSIGNATURE
		trade-cycling-neoforge-1.21.1-1.0.18.jar          |Trade Cycling                 |trade_cycling                 |1.21.1-1.0.18       |Manifest: NOSIGNATURE
		TRansition-1.0.3-1.21-neoforge-SNAPSHOT.jar       |TRansition                    |transition                    |1.0.3               |Manifest: NOSIGNATURE
		TRender-1.0.5-1.21-neoforge-SNAPSHOT.jar          |TRender                       |trender                       |1.0.5               |Manifest: NOSIGNATURE
		waystones-neoforge-1.21.1-21.1.22.jar             |Waystones                     |waystones                     |21.1.22             |Manifest: NOSIGNATURE
		workbenchvillager-1.0.0.jar                       |WorkBenchVillager             |workbenchvillager             |1.0.0               |Manifest: NOSIGNATURE
		Xaeros_Minimap_25.2.10_NeoForge_1.21.jar          |Xaero's Minimap               |xaerominimap                  |25.2.10             |Manifest: NOSIGNATURE
		XaerosWorldMap_1.39.12_NeoForge_1.21.jar          |Xaero's World Map             |xaeroworldmap                 |1.39.12             |Manifest: NOSIGNATURE
	Crash Report UUID: de569e73-4ef3-4b61-89c6-a2d01ce728d8
	FML: 4.0.41
	NeoForge: 21.1.200
	Flywheel Backend: flywheel:instancing